<?xml version='1.0' encoding='utf-8'?>
<testsuites tests="6" failures="6" time="2.177718162536621"><testsuite name="test_conan_pio_bridge" tests="0" failures="0" time="0.6465442180633545" /><testsuite name="test_enterprise_packages" tests="0" failures="0" time="0.028600692749023438" /><testsuite name="test_mia_integration" tests="0" failures="0" time="1.148106336593628" /><testsuite name="test_openssl_builds" tests="1" failures="1" time="0.030846595764160156"><testcase name="module_import" classname="test_openssl_builds" time="0.030796527862548828"><failure message="Test failed">Module error: module pytest has no attribute config</failure></testcase></testsuite><testsuite name="test_package_cooperation" tests="0" failures="0" time="0.07315707206726074" /><testsuite name="test_sparetools_versions" tests="0" failures="0" time="0.0327305793762207" /><testsuite name="test_cicd_validation" tests="1" failures="1" time="0.02996516227722168"><testcase name="module_import" classname="test_cicd_validation" time="0.02992415428161621"><failure message="Test failed">Module error: name 'sys' is not defined</failure></testcase></testsuite><testsuite name="test_template_instantiation" tests="1" failures="1" time="0.030916929244995117"><testcase name="module_import" classname="test_template_instantiation" time="0.024199485778808594"><failure message="Test failed">Module error: name 'sys' is not defined</failure></testcase></testsuite><testsuite name="test_template_validation" tests="1" failures="1" time="0.021235942840576172"><testcase name="module_import" classname="test_template_validation" time="0.02119612693786621"><failure message="Test failed">Module error: name 'sys' is not defined</failure></testcase></testsuite><testsuite name="test_audit_scripts" tests="0" failures="0" time="0.03698468208312988" /><testsuite name="test_build_scripts" tests="0" failures="0" time="0.01879286766052246" /><testsuite name="test_security_gates" tests="1" failures="1" time="0.03028559684753418"><testcase name="module_import" classname="test_security_gates" time="0.026204824447631836"><failure message="Test failed">Module error: No module named 'security_gates'</failure></testcase></testsuite><testsuite name="test_symlink_helpers" tests="1" failures="1" time="0.01969313621520996"><testcase name="module_import" classname="test_symlink_helpers" time="0.019658565521240234"><failure message="Test failed">Module error: No module named 'symlink_helpers'</failure></testcase></testsuite><testsuite name="test_validation_scripts" tests="0" failures="0" time="0.02985835075378418" /></testsuites>